[INFO] Scanning for projects...
[INFO] 
[INFO] -------------------------< com.lofi:lofiapps >--------------------------
[INFO] Building lofiapps 0.0.1-SNAPSHOT
[INFO]   from pom.xml
[INFO] --------------------------------[ jar ]---------------------------------
[INFO] 
[INFO] --- spotless:2.43.0:check (default) @ lofiapps ---
[INFO] Spotless.Java is keeping 201 files clean - 0 needs changes to be clean, 0 were already clean, 201 were skipped because caching determined they were already clean
[INFO] Spotless.Pom is keeping 1 files clean - 0 needs changes to be clean, 0 were already clean, 1 were skipped because caching determined they were already clean
[INFO] Spotless.Markdown is keeping 8 files clean - 0 needs changes to be clean, 0 were already clean, 8 were skipped because caching determined they were already clean
[INFO] Spotless.Yaml is keeping 3 files clean - 0 needs changes to be clean, 0 were already clean, 3 were skipped because caching determined they were already clean
[INFO] 
[INFO] --- resources:3.3.1:resources (default-resources) @ lofiapps ---
[INFO] Copying 1 resource from src\main\resources to target\classes
[INFO] Copying 3 resources from src\main\resources to target\classes
[INFO] 
[INFO] --- compiler:3.13.0:compile (default-compile) @ lofiapps ---
[INFO] Recompiling the module because of changed source code.
[INFO] Compiling 201 source files with javac [debug parameters release 17] to target\classes
[INFO] /C:/Users/ACER NITRO V15/OneDrive/Documents/Bootcamp/lofi-backend/src/main/java/com/lofi/lofiapps/model/entity/JpaBaseEntity.java: C:\Users\ACER NITRO V15\OneDrive\Documents\Bootcamp\lofi-backend\src\main\java\com\lofi\lofiapps\model\entity\JpaBaseEntity.java uses or overrides a deprecated API.
[INFO] /C:/Users/ACER NITRO V15/OneDrive/Documents/Bootcamp/lofi-backend/src/main/java/com/lofi/lofiapps/model/entity/JpaBaseEntity.java: Recompile with -Xlint:deprecation for details.
[INFO] ------------------------------------------------------------------------
[INFO] BUILD SUCCESS
[INFO] ------------------------------------------------------------------------
[INFO] Total time:  7.012 s
[INFO] Finished at: 2026-01-22T22:54:41+07:00
[INFO] ------------------------------------------------------------------------
